// Jest Snapshot v1, https://goo.gl/fbAQLP

exports[`Testing GifGridItem component should to show the component correctly 1`] = `
<div
  className="card animate__animated animate__bounce animate__fadeInDown"
>
  <p>
    Title
  </p>
  <img
    alt="Title"
    src="https://localhost.img.jpg"
  />
</div>
`;
